Курсы на сегодня <br/>(EUR, 80, -5)<br/>(USD, 100, -30)
