[
  {
    "Rate": 80.0
  },
  {
    "Rate": 100.0
  }
]
