[
  {
    "Valute": "EUR",
    "Rate": 80.0,
    "Diff": -5.0
  },
  {
    "Valute": "USD",
    "Rate": 100.0,
    "Diff": -30.0
  }
]
